// Jest Snapshot v1, https://goo.gl/fbAQLP

exports[`portable - artifactName and request execution level 1`] = `
Object {
  "win": Array [
    Object {
      "arch": 1,
      "file": "Test App ßWPortable.1.1.0.exe",
      "safeArtifactName": "TestApp-1.1.0.exe",
    },
  ],
}
`;

exports[`portable 1`] = `
Object {
  "win": Array [
    Object {
      "arch": 1,
      "file": "Test App ßW Setup 1.1.0.exe",
      "safeArtifactName": "TestApp-Setup-1.1.0.exe",
    },
    Object {
      "arch": 1,
      "file": "Test App ßW 1.1.0.exe",
      "safeArtifactName": "TestApp-1.1.0.exe",
    },
  ],
}
`;
