// Jest Snapshot v1, https://goo.gl/fbAQLP

exports[`Squirrel.Windows 1`] = `
Object {
  "win": Array [
    Object {
      "arch": 1,
      "file": "RELEASES",
    },
    Object {
      "arch": 1,
      "file": "Test App ßW Setup 1.1.0.exe",
      "safeArtifactName": "TestApp-Setup-1.1.0.exe",
    },
    Object {
      "arch": 1,
      "file": "TestApp-1.1.0-full.nupkg",
    },
    Object {
      "arch": 1,
      "file": "Test App ßW-1.1.0-win.zip",
      "safeArtifactName": "TestApp-1.1.0-win.zip",
    },
  ],
}
`;

exports[`Squirrel.Windows 2`] = `
Array [
  "lib/net45/blink_image_resources_200_percent.pak",
  "lib/net45/content_resources_200_percent.pak",
  "lib/net45/content_shell.pak",
  "lib/net45/d3dcompiler_47.dll",
  "lib/net45/ffmpeg.dll",
  "lib/net45/icudtl.dat",
  "lib/net45/libEGL.dll",
  "lib/net45/libGLESv2.dll",
  "lib/net45/LICENSE.electron.txt",
  "lib/net45/LICENSES.chromium.html",
  "lib/net45/natives_blob.bin",
  "lib/net45/node.dll",
  "lib/net45/pdf_viewer_resources.pak",
  "lib/net45/snapshot_blob.bin",
  "lib/net45/Test%20App%20%C3%9FW.exe",
  "lib/net45/Test%20App%20%C3%9FW_ExecutionStub.exe",
  "lib/net45/ui_resources_200_percent.pak",
  "lib/net45/Update.exe",
  "lib/net45/views_resources_200_percent.pak",
  "lib/net45/xinput1_3.dll",
  "lib/net45/locales/en-US.pak",
  "lib/net45/resources/app.asar",
  "lib/net45/resources/electron.asar",
  "TestApp.nuspec",
  "[Content_Types].xml",
  "_rels/.rels",
]
`;
